// Jest Snapshot v1, https://goo.gl/fbAQLP

exports[`Selected Contact Item Renders Correctly renders correctly 1`] = `
<View
  style={
    Object {
      "flex": 1,
      "padding": 50,
      "paddingTop": 1,
    }
  }
>
  <View
    style={
      Object {
        "alignItems": "center",
        "backgroundColor": "white",
        "borderRadius": 50,
        "elevation": 15,
        "flexDirection": "row",
        "height": 200,
        "justifyContent": "center",
        "marginTop": 70,
        "shadowColor": "black",
        "shadowOffset": Object {
          "height": 2,
          "width": 0,
        },
        "shadowOpacity": 0.26,
        "shadowRadius": 20,
        "textAlign": "center",
        "width": 300,
      }
    }
  />
</View>
`;
